    20:34:22.136 [main] INFO Example - PRUEBA
